Hello World
gaga
